# STATUS

ARCHIVED

## Reason

Implementation completed.

This document is retained for historical reference only.

It must not be used as the primary implementation guide.

Refer to the active documentation for the current source of truth.

---

........................................................................ [ 14%]
............................s.....s....s..................s...........ss [ 28%]
ss.........s.s.s.s.s.s.s.s.s.s.s.s.s.ss..s...s.......................... [ 43%]
........................................................................ [ 57%]
........................................................................ [ 72%]
........................................................................ [ 86%]
.................................................................s       [100%]
=============================== warnings summary ===============================
ops/quality/suites/test_recommendation_behavior.py::test_persona_http_outcome[single_professional_blr]
  /usr/local/lib/python3.12/dist-packages/fastapi/testclient.py:1: StarletteDeprecationWarning: Using `httpx` with `starlette.testclient` is deprecated; install `httpx2` instead.
    from starlette.testclient import TestClient as TestClient  # noqa

-- Docs: https://docs.pytest.org/en/stable/how-to/capture-warnings.html
472 passed, 26 skipped, 1 warning in 52.75s

