# STATUS

ARCHIVED

## Reason

Implementation completed.

This document is retained for historical reference only.

It must not be used as the primary implementation guide.

Refer to the active documentation for the current source of truth.

---

[2026-08-03T11:09:19.728258+00:00] === Ghar Quality Suite start ===
[2026-08-03T11:09:19.762835+00:00] inventory: pass (73 components, 18 features)
[2026-08-03T11:09:19.818106+00:00] ruff-lint: pass (clean)
[2026-08-03T11:09:21.523301+00:00] unit-core: pass (48 passed, 0 failed, 0 skipped)
[2026-08-03T11:09:29.358164+00:00] unit-service: pass (68 passed, 0 failed, 0 skipped)
[2026-08-03T11:09:31.325260+00:00] quality-contract: pass (5 passed, 0 failed, 0 skipped)
[2026-08-03T11:09:37.041954+00:00] quality-recsys: pass (63 passed, 0 failed, 4 skipped)
[2026-08-03T11:09:40.442119+00:00] quality-security: pass (12 passed, 0 failed, 0 skipped)
[2026-08-03T11:09:42.443604+00:00] quality-planning: pass (12 passed, 0 failed, 0 skipped)
[2026-08-03T11:09:43.255697+00:00] chaos: pass (fail-safe behaviour held)
[2026-08-03T11:09:44.260529+00:00] secrets-scan: pass (no hardcoded secret values detected)
[2026-08-03T11:09:44.306971+00:00] database: pass (connected; 28 tables in ghar_re schema)
[2026-08-03T11:09:46.960389+00:00] edge-functions: pass (deno tests passed)
[2026-08-03T11:10:26.457195+00:00] ui-playwright: pass (browser run complete)
[2026-08-03T11:10:26.457369+00:00] === Ghar Quality Suite end ===
