# STATUS

ARCHIVED

## Reason

Implementation completed.

This document is retained for historical reference only.

It must not be used as the primary implementation guide.

Refer to the active documentation for the current source of truth.

---

[2026-08-03T08:55:25.999130+00:00] === Ghar Quality Suite start ===
[2026-08-03T08:55:26.035279+00:00] inventory: pass (68 components, 18 features)
[2026-08-03T08:55:26.082844+00:00] ruff-lint: pass (clean)
[2026-08-03T08:55:27.412829+00:00] unit-core: pass (48 passed, 0 failed, 0 skipped)
[2026-08-03T08:55:34.018839+00:00] unit-service: pass (68 passed, 0 failed, 0 skipped)
[2026-08-03T08:55:37.591333+00:00] quality-contract: pass (5 passed, 0 failed, 0 skipped)
[2026-08-03T08:55:42.859571+00:00] quality-recsys: pass (63 passed, 0 failed, 4 skipped)
[2026-08-03T08:55:46.380604+00:00] quality-security: pass (12 passed, 0 failed, 0 skipped)
[2026-08-03T08:55:48.490605+00:00] quality-planning: pass (12 passed, 0 failed, 0 skipped)
[2026-08-03T08:55:49.252098+00:00] chaos: pass (fail-safe behaviour held)
[2026-08-03T08:55:50.149552+00:00] secrets-scan: pass (no hardcoded secret values detected)
[2026-08-03T08:55:50.149719+00:00] database: skip (no live database configured)
[2026-08-03T08:55:50.150492+00:00] edge-functions: blocked (5 Deno edge-function test file(s) present but not runnable)
[2026-08-03T08:55:50.216763+00:00] ui-playwright: skip (GHAR_WEB_URL not set. The frontend is an Expo/React-Native app with no committed web build; provide a running web target (e.g. `expo start --web`) to enable browser tests.)
[2026-08-03T08:55:50.219007+00:00] === Ghar Quality Suite end ===
