# STATUS

ARCHIVED

## Reason

Implementation completed.

This document is retained for historical reference only.

It must not be used as the primary implementation guide.

Refer to the active documentation for the current source of truth.

---

[0m[38;5;245m------- pre-test output -------[0m
(node:76498) [DEP0040] DeprecationWarning: The `punycode` module is deprecated. Please use a userland alternative instead.
[0m[38;5;245m----- pre-test output end -----[0m
[0m[38;5;245mrunning 16 tests from ./functions/_tests/consent.test.ts[0m
parseConsentRequest accepts a well-formed body ... [0m[32mok[0m [0m[38;5;245m(3ms)[0m
parseConsentRequest rejects a missing profile_id with ERR_VALIDATION_FAILED (400) ... [0m[32mok[0m [0m[38;5;245m(2ms)[0m
parseConsentRequest rejects an empty consents array (400) ... [0m[32mok[0m [0m[38;5;245m(725µs)[0m
parseConsentRequest rejects a non-boolean granted (400) ... [0m[32mok[0m [0m[38;5;245m(482µs)[0m
parseConsentRequest rejects an unknown consent_type with ERR_CONSENT_TYPE_INVALID (422) ... [0m[32mok[0m [0m[38;5;245m(697µs)[0m
requireOwnership passes when JWT user_id matches the resource owner ... [0m[32mok[0m [0m[38;5;245m(237µs)[0m
requireOwnership throws ERR_OWNERSHIP_MISMATCH (403) on mismatch ... [0m[32mok[0m [0m[38;5;245m(300µs)[0m
authenticate attaches verified claims to the context ... [0m[32mok[0m [0m[38;5;245m(15ms)[0m
authenticate throws ERR_UNAUTHENTICATED (401) when the bearer header is missing ... [0m[32mok[0m [0m[38;5;245m(1ms)[0m
authenticate throws ERR_UNAUTHENTICATED (401) when the verifier rejects ... [0m[32mok[0m [0m[38;5;245m(970µs)[0m
captureConsent records rows and resolves personalization_granted = true ...
[0m[38;5;245m------- output -------[0m
{"level":"info","ts":"2026-08-03T11:09:44.718Z","msg":"consent_captured","trace_id":"b7ba9eef-476f-478d-b8de-11902c7d9578","method":"GET","path":"/v1/consent","component":"ConsentService","count":2,"personalization_granted":true}
[0m[38;5;245m----- output end -----[0m
captureConsent records rows and resolves personalization_granted = true ... [0m[32mok[0m [0m[38;5;245m(1ms)[0m
captureConsent resolves personalization_granted = false when personalization denied ...
[0m[38;5;245m------- output -------[0m
{"level":"info","ts":"2026-08-03T11:09:44.719Z","msg":"consent_captured","trace_id":"a644c6fd-3100-4e2a-9679-d952b4c91915","method":"GET","path":"/v1/consent","component":"ConsentService","count":1,"personalization_granted":false}
[0m[38;5;245m----- output end -----[0m
captureConsent resolves personalization_granted = false when personalization denied ... [0m[32mok[0m [0m[38;5;245m(457µs)[0m
captureConsent resolves personalization_granted = false when personalization absent ...
[0m[38;5;245m------- output -------[0m
{"level":"info","ts":"2026-08-03T11:09:44.719Z","msg":"consent_captured","trace_id":"c7b6686c-7478-4cd3-94f2-018df8966f4f","method":"GET","path":"/v1/consent","component":"ConsentService","count":1,"personalization_granted":false}
[0m[38;5;245m----- output end -----[0m
captureConsent resolves personalization_granted = false when personalization absent ... [0m[32mok[0m [0m[38;5;245m(450µs)[0m
POST /v1/consent happy path returns 201 with contract-shaped body ...
[0m[38;5;245m------- output -------[0m
{"level":"info","ts":"2026-08-03T11:09:44.721Z","msg":"request_start","trace_id":"4df4a824-5d44-4e6e-9396-38aa7035f49e","method":"POST","path":"/v1/consent"}
{"level":"info","ts":"2026-08-03T11:09:44.722Z","msg":"consent_captured","trace_id":"4df4a824-5d44-4e6e-9396-38aa7035f49e","method":"POST","path":"/v1/consent","component":"ConsentService","count":2,"personalization_granted":true}
{"level":"info","ts":"2026-08-03T11:09:44.722Z","msg":"Household recorded consent decisions — personalization: granted; analytics: declined. Personalization is ON for this household.","event":"user_journey","profile":"11111111…","category":"consent"}
{"level":"info","ts":"2026-08-03T11:09:44.723Z","msg":"request_finish","trace_id":"4df4a824-5d44-4e6e-9396-38aa7035f49e","method":"POST","path":"/v1/consent","status":201,"latency_ms":2}
[0m[38;5;245m----- output end -----[0m
POST /v1/consent happy path returns 201 with contract-shaped body ... [0m[32mok[0m [0m[38;5;245m(6ms)[0m
POST /v1/consent returns 403 when JWT user_id != body profile_id ...
[0m[38;5;245m------- output -------[0m
{"level":"info","ts":"2026-08-03T11:09:44.726Z","msg":"request_start","trace_id":"f1174abf-7de2-4c87-aceb-733c56b32f09","method":"POST","path":"/v1/consent"}
{"level":"warn","ts":"2026-08-03T11:09:44.727Z","msg":"request_rejected","trace_id":"f1174abf-7de2-4c87-aceb-733c56b32f09","method":"POST","path":"/v1/consent","code":"ERR_OWNERSHIP_MISMATCH","status":403,"detail":"ownership check failed"}
[0m[38;5;245m----- output end -----[0m
POST /v1/consent returns 403 when JWT user_id != body profile_id ... [0m[32mok[0m [0m[38;5;245m(2ms)[0m
POST /v1/consent returns 422 for an unknown consent_type ...
[0m[38;5;245m------- output -------[0m
{"level":"info","ts":"2026-08-03T11:09:44.729Z","msg":"request_start","trace_id":"8a7bd056-1e41-4020-ad0f-0029126a7991","method":"POST","path":"/v1/consent"}
{"level":"warn","ts":"2026-08-03T11:09:44.729Z","msg":"request_rejected","trace_id":"8a7bd056-1e41-4020-ad0f-0029126a7991","method":"POST","path":"/v1/consent","code":"ERR_CONSENT_TYPE_INVALID","status":422}
[0m[38;5;245m----- output end -----[0m
POST /v1/consent returns 422 for an unknown consent_type ... [0m[32mok[0m [0m[38;5;245m(1ms)[0m
[0m[38;5;245m------- post-test output -------[0m
(node:76498) [DEP0040] DeprecationWarning: The `punycode` module is deprecated. Please use a userland alternative instead.
[0m[38;5;245m----- post-test output end -----[0m
[0m[38;5;245mrunning 12 tests from ./functions/_tests/feedback.test.ts[0m
parseFeedbackRequest accepts a well-formed body ... [0m[32mok[0m [0m[38;5;245m(2ms)[0m
parseFeedbackRequest accepts a body with no dish_name (e.g. 'accept' the whole plate) ... [0m[32mok[0m [0m[38;5;245m(351µs)[0m
parseFeedbackRequest rejects a missing request_id (400) ... [0m[32mok[0m [0m[38;5;245m(1ms)[0m
parseFeedbackRequest rejects an empty request_id (400) ... [0m[32mok[0m [0m[38;5;245m(491µs)[0m
parseFeedbackRequest rejects an unknown event_type with ERR_FEEDBACK_EVENT_TYPE_INVALID (422) ... [0m[32mok[0m [0m[38;5;245m(500µs)[0m
FEEDBACK_EVENT_TYPES matches the feedback_events CHECK constraint (migration 038) ... [0m[32mok[0m [0m[38;5;245m(264µs)[0m
POST /v1/feedback happy path returns 201 with contract-shaped body ...
[0m[38;5;245m------- post-test output -------[0m
{"level":"info","ts":"2026-08-03T11:09:45.120Z","msg":"request_start","trace_id":"026d310b-ba87-4168-9278-5b5d7159f325","method":"POST","path":"/v1/feedback"}
{"level":"info","ts":"2026-08-03T11:09:45.122Z","msg":"Household liked a dish.","event":"user_journey","profile":"11111111…","category":"feedback"}
{"level":"info","ts":"2026-08-03T11:09:45.125Z","msg":"request_finish","trace_id":"026d310b-ba87-4168-9278-5b5d7159f325","method":"POST","path":"/v1/feedback","status":201,"latency_ms":4}
[0m[38;5;245m----- post-test output end -----[0m
POST /v1/feedback happy path returns 201 with contract-shaped body ... [0m[32mok[0m [0m[38;5;245m(19ms)[0m
POST /v1/feedback returns 422 for an unknown event_type before recordEvent is ever called ...
[0m[38;5;245m------- post-test output -------[0m
{"level":"info","ts":"2026-08-03T11:09:45.128Z","msg":"request_start","trace_id":"bd924c51-ab57-48b1-b0f4-d4c36996c61e","method":"POST","path":"/v1/feedback"}
{"level":"warn","ts":"2026-08-03T11:09:45.129Z","msg":"request_rejected","trace_id":"bd924c51-ab57-48b1-b0f4-d4c36996c61e","method":"POST","path":"/v1/feedback","code":"ERR_FEEDBACK_EVENT_TYPE_INVALID","status":422}
[0m[38;5;245m----- post-test output end -----[0m
POST /v1/feedback returns 422 for an unknown event_type before recordEvent is ever called ... [0m[32mok[0m [0m[38;5;245m(1ms)[0m
POST /v1/feedback propagates ERR_RECOMMENDATION_EVENT_NOT_FOUND (404) from the writer ...
[0m[38;5;245m------- post-test output -------[0m
{"level":"info","ts":"2026-08-03T11:09:45.130Z","msg":"request_start","trace_id":"798e3893-9621-4b63-9b29-0f96c2bf35ec","method":"POST","path":"/v1/feedback"}
{"level":"warn","ts":"2026-08-03T11:09:45.130Z","msg":"request_rejected","trace_id":"798e3893-9621-4b63-9b29-0f96c2bf35ec","method":"POST","path":"/v1/feedback","code":"ERR_RECOMMENDATION_EVENT_NOT_FOUND","status":404}
[0m[38;5;245m----- post-test output end -----[0m
POST /v1/feedback propagates ERR_RECOMMENDATION_EVENT_NOT_FOUND (404) from the writer ... [0m[32mok[0m [0m[38;5;245m(1ms)[0m
POST /v1/feedback propagates ERR_OWNERSHIP_MISMATCH (403) when the recommendation_event belongs to another profile ...
[0m[38;5;245m------- post-test output -------[0m
{"level":"info","ts":"2026-08-03T11:09:45.132Z","msg":"request_start","trace_id":"2f80650c-b500-43d2-b040-c968165f1aeb","method":"POST","path":"/v1/feedback"}
{"level":"warn","ts":"2026-08-03T11:09:45.132Z","msg":"request_rejected","trace_id":"2f80650c-b500-43d2-b040-c968165f1aeb","method":"POST","path":"/v1/feedback","code":"ERR_OWNERSHIP_MISMATCH","status":403,"detail":"recommendation_event belongs to a different profile"}
[0m[38;5;245m----- post-test output end -----[0m
POST /v1/feedback propagates ERR_OWNERSHIP_MISMATCH (403) when the recommendation_event belongs to another profile ... [0m[32mok[0m [0m[38;5;245m(1ms)[0m
POST /v1/feedback returns 401 when unauthenticated ...
[0m[38;5;245m------- post-test output -------[0m
{"level":"info","ts":"2026-08-03T11:09:45.133Z","msg":"request_start","trace_id":"55f2f314-5364-4906-819e-f56d1d40b942","method":"POST","path":"/v1/feedback"}
{"level":"warn","ts":"2026-08-03T11:09:45.134Z","msg":"request_rejected","trace_id":"55f2f314-5364-4906-819e-f56d1d40b942","method":"POST","path":"/v1/feedback","code":"ERR_UNAUTHENTICATED","status":401,"detail":"missing/malformed bearer"}
[0m[38;5;245m----- post-test output end -----[0m
POST /v1/feedback returns 401 when unauthenticated ... [0m[32mok[0m [0m[38;5;245m(1ms)[0m
POST /v1/feedback returns 405 for a non-POST method ...
[0m[38;5;245m------- post-test output -------[0m
{"level":"info","ts":"2026-08-03T11:09:45.135Z","msg":"request_start","trace_id":"3eb31cdf-34c4-497e-be43-832f78f51515","method":"GET","path":"/v1/feedback"}
{"level":"warn","ts":"2026-08-03T11:09:45.135Z","msg":"request_rejected","trace_id":"3eb31cdf-34c4-497e-be43-832f78f51515","method":"GET","path":"/v1/feedback","code":"METHOD_NOT_ALLOWED","status":405}
[0m[38;5;245m----- post-test output end -----[0m
POST /v1/feedback returns 405 for a non-POST method ... [0m[32mok[0m [0m[38;5;245m(1ms)[0m
[0m[38;5;245m------- post-test output -------[0m
(node:76498) [DEP0040] DeprecationWarning: The `punycode` module is deprecated. Please use a userland alternative instead.
[0m[38;5;245m----- post-test output end -----[0m
[0m[38;5;245mrunning 8 tests from ./functions/_tests/foundation.test.ts[0m
config loads when required env is present ... [0m[32mok[0m [0m[38;5;245m(1ms)[0m
config fails fast on missing required secret ... [0m[32mok[0m [0m[38;5;245m(1ms)[0m
logger initializes and honors min level ...
[0m[38;5;245m------- post-test output -------[0m
{"level":"error","ts":"2026-08-03T11:09:45.448Z","msg":"should emit","trace_id":"t-1"}
[0m[38;5;245m----- post-test output end -----[0m
logger initializes and honors min level ... [0m[32mok[0m [0m[38;5;245m(826µs)[0m
AppError produces client-safe JSON without internal detail ... [0m[32mok[0m [0m[38;5;245m(343µs)[0m
middleware pipeline composes and error boundary maps AppError to status ...
[0m[38;5;245m------- post-test output -------[0m
{"level":"info","ts":"2026-08-03T11:09:45.459Z","msg":"request_start","trace_id":"14cb42ad-31be-4c46-af7f-94cbc81c946b","method":"GET","path":"/v1/anything"}
{"level":"warn","ts":"2026-08-03T11:09:45.460Z","msg":"request_rejected","trace_id":"14cb42ad-31be-4c46-af7f-94cbc81c946b","method":"GET","path":"/v1/anything","code":"NOT_FOUND","status":404,"detail":"x"}
[0m[38;5;245m----- post-test output end -----[0m
middleware pipeline composes and error boundary maps AppError to status ... [0m[32mok[0m [0m[38;5;245m(15ms)[0m
compose applies middleware outermost-first ... [0m[32mok[0m [0m[38;5;245m(932µs)[0m
DI container builds a service-role client lazily ... [0m[32mok[0m [0m[38;5;245m(4ms)[0m
validate() throws VALIDATION_FAILED on bad input ... [0m[32mok[0m [0m[38;5;245m(2ms)[0m
[0m[38;5;245m------- post-test output -------[0m
(node:76498) [DEP0040] DeprecationWarning: The `punycode` module is deprecated. Please use a userland alternative instead.
[0m[38;5;245m----- post-test output end -----[0m
[0m[38;5;245mrunning 16 tests from ./functions/_tests/household.test.ts[0m
household_id owned by another user is rejected before ANY store function runs (403) ...
[0m[38;5;245m------- post-test output -------[0m
{"level":"info","ts":"2026-08-03T11:09:45.920Z","msg":"request_start","trace_id":"b02758ec-b60b-438b-b085-351489835217","method":"POST","path":"/v1/household"}
{"level":"warn","ts":"2026-08-03T11:09:45.921Z","msg":"request_rejected","trace_id":"b02758ec-b60b-438b-b085-351489835217","method":"POST","path":"/v1/household","code":"ERR_OWNERSHIP_MISMATCH","status":403,"detail":"ownership check failed"}
[0m[38;5;245m----- post-test output end -----[0m
household_id owned by another user is rejected before ANY store function runs (403) ... [0m[32mok[0m [0m[38;5;245m(20ms)[0m
household_id equal to the caller's own id is allowed through ...
[0m[38;5;245m------- post-test output -------[0m
{"level":"info","ts":"2026-08-03T11:09:45.927Z","msg":"request_start","trace_id":"eb4bfd94-9146-4f65-9308-c1c6c816b6e2","method":"POST","path":"/v1/household"}
{"level":"info","ts":"2026-08-03T11:09:45.930Z","msg":"household.answers_upserted","trace_id":"eb4bfd94-9146-4f65-9308-c1c6c816b6e2","method":"POST","path":"/v1/household","household_id":"11111111-1111-1111-1111-111111111111","service":"household","fields":[]}
{"level":"info","ts":"2026-08-03T11:09:45.930Z","msg":"Household answered onboarding screen(s): screen_primary_cook_name","event":"user_journey","profile":"11111111…","category":"onboarding"}
{"level":"info","ts":"2026-08-03T11:09:45.930Z","msg":"request_finish","trace_id":"eb4bfd94-9146-4f65-9308-c1c6c816b6e2","method":"POST","path":"/v1/household","status":200,"latency_ms":4}
[0m[38;5;245m----- post-test output end -----[0m
household_id equal to the caller's own id is allowed through ... [0m[32mok[0m [0m[38;5;245m(4ms)[0m
omitting household_id defaults to the caller's own id and is allowed through ...
[0m[38;5;245m------- post-test output -------[0m
{"level":"info","ts":"2026-08-03T11:09:45.932Z","msg":"request_start","trace_id":"c3577712-8a7c-455a-9691-31c7362126ff","method":"POST","path":"/v1/household"}
{"level":"info","ts":"2026-08-03T11:09:45.932Z","msg":"household.answers_upserted","trace_id":"c3577712-8a7c-455a-9691-31c7362126ff","method":"POST","path":"/v1/household","household_id":"11111111-1111-1111-1111-111111111111","service":"household","fields":[]}
{"level":"info","ts":"2026-08-03T11:09:45.932Z","msg":"Household answered onboarding screen(s): screen_current_city","event":"user_journey","profile":"11111111…","category":"onboarding"}
{"level":"info","ts":"2026-08-03T11:09:45.933Z","msg":"request_finish","trace_id":"c3577712-8a7c-455a-9691-31c7362126ff","method":"POST","path":"/v1/household","status":200,"latency_ms":1}
[0m[38;5;245m----- post-test output end -----[0m
omitting household_id defaults to the caller's own id and is allowed through ... [0m[32mok[0m [0m[38;5;245m(2ms)[0m
profile is NOT created while a required field is still missing (no fabricated default) ...
[0m[38;5;245m------- post-test output -------[0m
{"level":"info","ts":"2026-08-03T11:09:45.934Z","msg":"request_start","trace_id":"25a97a6a-678f-4be4-9f05-3844257cf57b","method":"POST","path":"/v1/household"}
{"level":"info","ts":"2026-08-03T11:09:45.935Z","msg":"household.answers_upserted","trace_id":"25a97a6a-678f-4be4-9f05-3844257cf57b","method":"POST","path":"/v1/household","household_id":"11111111-1111-1111-1111-111111111111","service":"household","fields":[]}
{"level":"info","ts":"2026-08-03T11:09:45.935Z","msg":"Household answered onboarding screen(s): screen_primary_cook_name, screen_home_state, screen_current_city, screen_diet_type","event":"user_journey","profile":"11111111…","category":"onboarding"}
{"level":"info","ts":"2026-08-03T11:09:45.935Z","msg":"request_finish","trace_id":"25a97a6a-678f-4be4-9f05-3844257cf57b","method":"POST","path":"/v1/household","status":200,"latency_ms":1}
[0m[38;5;245m----- post-test output end -----[0m
profile is NOT created while a required field is still missing (no fabricated default) ... [0m[32mok[0m [0m[38;5;245m(2ms)[0m
a household can be created across multiple calls (resume-after-partial-completion) ...
[0m[38;5;245m------- post-test output -------[0m
{"level":"info","ts":"2026-08-03T11:09:45.937Z","msg":"request_start","trace_id":"2fe3e70a-8a93-4b51-9625-1cfe692d5ee8","method":"POST","path":"/v1/household"}
{"level":"info","ts":"2026-08-03T11:09:45.937Z","msg":"household.answers_upserted","trace_id":"2fe3e70a-8a93-4b51-9625-1cfe692d5ee8","method":"POST","path":"/v1/household","household_id":"11111111-1111-1111-1111-111111111111","service":"household","fields":[]}
{"level":"info","ts":"2026-08-03T11:09:45.937Z","msg":"Household answered onboarding screen(s): screen_primary_cook_name, screen_home_state","event":"user_journey","profile":"11111111…","category":"onboarding"}
{"level":"info","ts":"2026-08-03T11:09:45.937Z","msg":"request_finish","trace_id":"2fe3e70a-8a93-4b51-9625-1cfe692d5ee8","method":"POST","path":"/v1/household","status":200,"latency_ms":1}
{"level":"info","ts":"2026-08-03T11:09:45.938Z","msg":"request_start","trace_id":"a4319716-a4f0-401b-972e-9573fd5d1485","method":"POST","path":"/v1/household"}
{"level":"info","ts":"2026-08-03T11:09:45.938Z","msg":"household.answers_upserted","trace_id":"a4319716-a4f0-401b-972e-9573fd5d1485","method":"POST","path":"/v1/household","household_id":"11111111-1111-1111-1111-111111111111","service":"household","fields":[]}
{"level":"info","ts":"2026-08-03T11:09:45.938Z","msg":"Household answered onboarding screen(s): screen_current_city, screen_diet_type","event":"user_journey","profile":"11111111…","category":"onboarding"}
{"level":"info","ts":"2026-08-03T11:09:45.938Z","msg":"request_finish","trace_id":"a4319716-a4f0-401b-972e-9573fd5d1485","method":"POST","path":"/v1/household","status":200,"latency_ms":1}
{"level":"info","ts":"2026-08-03T11:09:45.939Z","msg":"request_start","trace_id":"029dd51b-4cfd-4730-8033-5c863a8f66fd","method":"POST","path":"/v1/household"}
{"level":"info","ts":"2026-08-03T11:09:45.939Z","msg":"household.answers_upserted","trace_id":"029dd51b-4cfd-4730-8033-5c863a8f66fd","method":"POST","path":"/v1/household","household_id":"11111111-1111-1111-1111-111111111111","service":"household","fields":[]}
{"level":"info","ts":"2026-08-03T11:09:45.939Z","msg":"household.profile_created","trace_id":"029dd51b-4cfd-4730-8033-5c863a8f66fd","method":"POST","path":"/v1/household","household_id":"11111111-1111-1111-1111-111111111111","service":"household"}
{"level":"info","ts":"2026-08-03T11:09:45.940Z","msg":"Household answered onboarding screen(s): screen_cook_capability → profile created (all required fields now known)","event":"user_journey","profile":"11111111…","category":"onboarding"}
{"level":"info","ts":"2026-08-03T11:09:45.940Z","msg":"request_finish","trace_id":"029dd51b-4cfd-4730-8033-5c863a8f66fd","method":"POST","path":"/v1/household","status":200,"latency_ms":1}
[0m[38;5;245m----- post-test output end -----[0m
a household can be created across multiple calls (resume-after-partial-completion) ... [0m[32mok[0m [0m[38;5;245m(4ms)[0m
a repeat call after the profile already exists does not re-create it ...
[0m[38;5;245m------- post-test output -------[0m
{"level":"info","ts":"2026-08-03T11:09:45.941Z","msg":"request_start","trace_id":"23ecf7d3-2975-4db4-a3de-55b2d8ca0696","method":"POST","path":"/v1/household"}
{"level":"info","ts":"2026-08-03T11:09:45.941Z","msg":"household.answers_upserted","trace_id":"23ecf7d3-2975-4db4-a3de-55b2d8ca0696","method":"POST","path":"/v1/household","household_id":"11111111-1111-1111-1111-111111111111","service":"household","fields":[]}
{"level":"info","ts":"2026-08-03T11:09:45.941Z","msg":"household.profile_created","trace_id":"23ecf7d3-2975-4db4-a3de-55b2d8ca0696","method":"POST","path":"/v1/household","household_id":"11111111-1111-1111-1111-111111111111","service":"household"}
{"level":"info","ts":"2026-08-03T11:09:45.941Z","msg":"Household answered onboarding screen(s): screen_primary_cook_name, screen_home_state, screen_current_city, screen_diet_type, screen_cook_capability → profile created (all required fields now known)","event":"user_journey","profile":"11111111…","category":"onboarding"}
{"level":"info","ts":"2026-08-03T11:09:45.942Z","msg":"request_finish","trace_id":"23ecf7d3-2975-4db4-a3de-55b2d8ca0696","method":"POST","path":"/v1/household","status":200,"latency_ms":1}
{"level":"info","ts":"2026-08-03T11:09:45.942Z","msg":"request_start","trace_id":"392ba224-bbab-4120-8f06-fe06f0f14b5e","method":"POST","path":"/v1/household"}
{"level":"info","ts":"2026-08-03T11:09:45.943Z","msg":"household.answers_upserted","trace_id":"392ba224-bbab-4120-8f06-fe06f0f14b5e","method":"POST","path":"/v1/household","household_id":"11111111-1111-1111-1111-111111111111","service":"household","fields":[]}
{"level":"info","ts":"2026-08-03T11:09:45.943Z","msg":"Household answered onboarding screen(s): screen_primary_cook_name, screen_home_state, screen_current_city, screen_diet_type, screen_cook_capability","event":"user_journey","profile":"11111111…","category":"onboarding"}
{"level":"info","ts":"2026-08-03T11:09:45.943Z","msg":"request_finish","trace_id":"392ba224-bbab-4120-8f06-fe06f0f14b5e","method":"POST","path":"/v1/household","status":200,"latency_ms":1}
[0m[38;5;245m----- post-test output end -----[0m
a repeat call after the profile already exists does not re-create it ... [0m[32mok[0m [0m[38;5;245m(3ms)[0m
members can be written on a later call once the profile exists ...
[0m[38;5;245m------- post-test output -------[0m
{"level":"info","ts":"2026-08-03T11:09:45.944Z","msg":"request_start","trace_id":"5159ca3d-659b-48ce-9691-e2579049f78b","method":"POST","path":"/v1/household"}
{"level":"info","ts":"2026-08-03T11:09:45.944Z","msg":"household.answers_upserted","trace_id":"5159ca3d-659b-48ce-9691-e2579049f78b","method":"POST","path":"/v1/household","household_id":"11111111-1111-1111-1111-111111111111","service":"household","fields":[]}
{"level":"info","ts":"2026-08-03T11:09:45.945Z","msg":"household.profile_created","trace_id":"5159ca3d-659b-48ce-9691-e2579049f78b","method":"POST","path":"/v1/household","household_id":"11111111-1111-1111-1111-111111111111","service":"household"}
{"level":"info","ts":"2026-08-03T11:09:45.945Z","msg":"Household answered onboarding screen(s): screen_primary_cook_name, screen_home_state, screen_current_city, screen_diet_type, screen_cook_capability → profile created (all required fields now known)","event":"user_journey","profile":"11111111…","category":"onboarding"}
{"level":"info","ts":"2026-08-03T11:09:45.945Z","msg":"request_finish","trace_id":"5159ca3d-659b-48ce-9691-e2579049f78b","method":"POST","path":"/v1/household","status":200,"latency_ms":1}
{"level":"info","ts":"2026-08-03T11:09:45.945Z","msg":"request_start","trace_id":"87507d84-81e8-4cf2-aaae-838cbc808aea","method":"POST","path":"/v1/household"}
{"level":"info","ts":"2026-08-03T11:09:45.946Z","msg":"household.answers_upserted","trace_id":"87507d84-81e8-4cf2-aaae-838cbc808aea","method":"POST","path":"/v1/household","household_id":"11111111-1111-1111-1111-111111111111","service":"household","fields":[]}
{"level":"info","ts":"2026-08-03T11:09:45.946Z","msg":"household.members_written","trace_id":"87507d84-81e8-4cf2-aaae-838cbc808aea","method":"POST","path":"/v1/household","household_id":"11111111-1111-1111-1111-111111111111","service":"household","count":1}
{"level":"info","ts":"2026-08-03T11:09:45.946Z","msg":"Household answered onboarding screen(s):  → 1 household member(s) saved","event":"user_journey","profile":"11111111…","category":"onboarding"}
{"level":"info","ts":"2026-08-03T11:09:45.946Z","msg":"request_finish","trace_id":"87507d84-81e8-4cf2-aaae-838cbc808aea","method":"POST","path":"/v1/household","status":200,"latency_ms":1}
[0m[38;5;245m----- post-test output end -----[0m
members can be written on a later call once the profile exists ... [0m[32mok[0m [0m[38;5;245m(3ms)[0m
household_members supplied before the profile exists is rejected (422), upsertMembers never called ...
[0m[38;5;245m------- post-test output -------[0m
{"level":"info","ts":"2026-08-03T11:09:45.947Z","msg":"request_start","trace_id":"cd00f282-55c4-43b7-8b75-9910201cd603","method":"POST","path":"/v1/household"}
{"level":"info","ts":"2026-08-03T11:09:45.948Z","msg":"household.answers_upserted","trace_id":"cd00f282-55c4-43b7-8b75-9910201cd603","method":"POST","path":"/v1/household","household_id":"11111111-1111-1111-1111-111111111111","service":"household","fields":[]}
{"level":"warn","ts":"2026-08-03T11:09:45.948Z","msg":"request_rejected","trace_id":"cd00f282-55c4-43b7-8b75-9910201cd603","method":"POST","path":"/v1/household","code":"ERR_HOUSEHOLD_INCOMPLETE","status":422}
[0m[38;5;245m----- post-test output end -----[0m
household_members supplied before the profile exists is rejected (422), upsertMembers never called ... [0m[32mok[0m [0m[38;5;245m(1ms)[0m
targetFor resolves household_answers keys, profiles keys, and rejects unknown keys ... [0m[32mok[0m [0m[38;5;245m(295µs)[0m
parseHouseholdWriteRequest rejects a structurally malformed body (400) ... [0m[32mok[0m [0m[38;5;245m(1ms)[0m
parseHouseholdWriteRequest rejects an unrecognized question_key (422) ... [0m[32mok[0m [0m[38;5;245m(456µs)[0m
parseHouseholdWriteRequest rejects an answer_value outside its field's vocabulary (422) ... [0m[32mok[0m [0m[38;5;245m(676µs)[0m
a skipped screen's answer_value is not validated ... [0m[32mok[0m [0m[38;5;245m(268µs)[0m
parseHouseholdWriteRequest rejects a member condition outside the 15-value vocabulary ... [0m[32mok[0m [0m[38;5;245m(427µs)[0m
buildHouseholdAnswersPatch keeps only non-skipped household_answers-targeted screens ... [0m[32mok[0m [0m[38;5;245m(361µs)[0m
missingRequiredProfileFields reports exactly the unknown required fields ... [0m[32mok[0m [0m[38;5;245m(346µs)[0m
[0m[38;5;245m------- post-test output -------[0m
(node:76498) [DEP0040] DeprecationWarning: The `punycode` module is deprecated. Please use a userland alternative instead.
[0m[38;5;245m----- post-test output end -----[0m
[0m[38;5;245mrunning 13 tests from ./functions/_tests/recommendations.test.ts[0m
POST /v1/recommendations success passes RE plates[]/contributions[] through as-is ...
[0m[38;5;245m------- post-test output -------[0m
{"level":"info","ts":"2026-08-03T11:09:46.768Z","msg":"request_start","trace_id":"d2e2282f-bfc9-43d4-a017-cedc92ef7bae","method":"POST","path":"/v1/recommendations"}
{"level":"info","ts":"2026-08-03T11:09:46.773Z","msg":"recommendation.auth_ok","trace_id":"d2e2282f-bfc9-43d4-a017-cedc92ef7bae","method":"POST","path":"/v1/recommendations","request_id":"d2e2282f-bfc9-43d4-a017-cedc92ef7bae","service":"recommendations","user_id":"11111111-1111-1111-1111-111111111111"}
{"level":"info","ts":"2026-08-03T11:09:46.773Z","msg":"recommendation.composed","trace_id":"d2e2282f-bfc9-43d4-a017-cedc92ef7bae","method":"POST","path":"/v1/recommendations","request_id":"d2e2282f-bfc9-43d4-a017-cedc92ef7bae","service":"recommendations","household_id":"11111111-1111-1111-1111-111111111111","stubbed":false}
{"level":"info","ts":"2026-08-03T11:09:46.786Z","msg":"recommendation.re_call_done","trace_id":"d2e2282f-bfc9-43d4-a017-cedc92ef7bae","method":"POST","path":"/v1/recommendations","request_id":"d2e2282f-bfc9-43d4-a017-cedc92ef7bae","service":"recommendations","outcome":"success","latency_ms":0,"warnings":0}
{"level":"info","ts":"2026-08-03T11:09:46.790Z","msg":"App served 1 recommended plate(s) — the RE responded normally. (0ms)","event":"user_journey","profile":"11111111…","category":"recommendation"}
{"level":"info","ts":"2026-08-03T11:09:46.802Z","msg":"request_finish","trace_id":"d2e2282f-bfc9-43d4-a017-cedc92ef7bae","method":"POST","path":"/v1/recommendations","status":200,"latency_ms":33}
[0m[38;5;245m----- post-test output end -----[0m
POST /v1/recommendations success passes RE plates[]/contributions[] through as-is ... [0m[32mok[0m [0m[38;5;245m(109ms)[0m
POST /v1/recommendations timeout returns a fallback plate (valid 200, not retried) ...
[0m[38;5;245m------- post-test output -------[0m
{"level":"info","ts":"2026-08-03T11:09:46.813Z","msg":"request_start","trace_id":"45e9b374-19b6-410b-aa25-928746640c1a","method":"POST","path":"/v1/recommendations"}
{"level":"info","ts":"2026-08-03T11:09:46.814Z","msg":"recommendation.auth_ok","trace_id":"45e9b374-19b6-410b-aa25-928746640c1a","method":"POST","path":"/v1/recommendations","request_id":"45e9b374-19b6-410b-aa25-928746640c1a","service":"recommendations","user_id":"11111111-1111-1111-1111-111111111111"}
{"level":"info","ts":"2026-08-03T11:09:46.814Z","msg":"recommendation.composed","trace_id":"45e9b374-19b6-410b-aa25-928746640c1a","method":"POST","path":"/v1/recommendations","request_id":"45e9b374-19b6-410b-aa25-928746640c1a","service":"recommendations","household_id":"11111111-1111-1111-1111-111111111111","stubbed":false}
{"level":"warn","ts":"2026-08-03T11:09:46.814Z","msg":"recommendation.re_call_failed","trace_id":"45e9b374-19b6-410b-aa25-928746640c1a","method":"POST","path":"/v1/recommendations","request_id":"45e9b374-19b6-410b-aa25-928746640c1a","service":"recommendations","outcome":"timeout","latency_ms":0,"detail":"exceeded 2500ms"}
{"level":"info","ts":"2026-08-03T11:09:46.822Z","msg":"App served a fallback plate — the RE did not respond in time. (0ms)","event":"user_journey","profile":"11111111…","category":"recommendation"}
{"level":"info","ts":"2026-08-03T11:09:46.822Z","msg":"request_finish","trace_id":"45e9b374-19b6-410b-aa25-928746640c1a","method":"POST","path":"/v1/recommendations","status":200,"latency_ms":9}
[0m[38;5;245m----- post-test output end -----[0m
POST /v1/recommendations timeout returns a fallback plate (valid 200, not retried) ... [0m[32mok[0m [0m[38;5;245m(11ms)[0m
re-client retries ONCE on a network error then succeeds ... [0m[32mok[0m [0m[38;5;245m(15ms)[0m
re-client does NOT retry on timeout ... [0m[32mok[0m [0m[38;5;245m(27ms)[0m
malformed composed payload is rejected before the RE is called (400, RE never hit) ...
[0m[38;5;245m------- post-test output -------[0m
{"level":"info","ts":"2026-08-03T11:09:46.870Z","msg":"request_start","trace_id":"dc53f011-d77c-4478-9175-f50c617af92f","method":"POST","path":"/v1/recommendations"}
{"level":"info","ts":"2026-08-03T11:09:46.871Z","msg":"recommendation.auth_ok","trace_id":"dc53f011-d77c-4478-9175-f50c617af92f","method":"POST","path":"/v1/recommendations","request_id":"dc53f011-d77c-4478-9175-f50c617af92f","service":"recommendations","user_id":"11111111-1111-1111-1111-111111111111"}
{"level":"info","ts":"2026-08-03T11:09:46.871Z","msg":"recommendation.composed","trace_id":"dc53f011-d77c-4478-9175-f50c617af92f","method":"POST","path":"/v1/recommendations","request_id":"dc53f011-d77c-4478-9175-f50c617af92f","service":"recommendations","household_id":"stub","stubbed":true}
{"level":"warn","ts":"2026-08-03T11:09:46.874Z","msg":"request_rejected","trace_id":"dc53f011-d77c-4478-9175-f50c617af92f","method":"POST","path":"/v1/recommendations","code":"ERR_VALIDATION_FAILED","status":400,"detail":"composed payload failed ghar-re-v1 contract: /household must have required property 'q5_diet'"}
[0m[38;5;245m----- post-test output end -----[0m
malformed composed payload is rejected before the RE is called (400, RE never hit) ... [0m[32mok[0m [0m[38;5;245m(5ms)[0m
household_id owned by another user is rejected before loadHousehold/compose runs (403) ...
[0m[38;5;245m------- post-test output -------[0m
{"level":"info","ts":"2026-08-03T11:09:46.878Z","msg":"request_start","trace_id":"833ae6df-fd56-4aea-a1a2-9aab823da518","method":"POST","path":"/v1/recommendations"}
{"level":"warn","ts":"2026-08-03T11:09:46.880Z","msg":"request_rejected","trace_id":"833ae6df-fd56-4aea-a1a2-9aab823da518","method":"POST","path":"/v1/recommendations","code":"ERR_OWNERSHIP_MISMATCH","status":403,"detail":"ownership check failed"}
[0m[38;5;245m----- post-test output end -----[0m
household_id owned by another user is rejected before loadHousehold/compose runs (403) ... [0m[32mok[0m [0m[38;5;245m(6ms)[0m
household_id equal to the caller's own id is allowed through ...
[0m[38;5;245m------- post-test output -------[0m
{"level":"info","ts":"2026-08-03T11:09:46.889Z","msg":"request_start","trace_id":"9fb722bd-0774-4dc3-8536-b4fa4f3780ca","method":"POST","path":"/v1/recommendations"}
{"level":"info","ts":"2026-08-03T11:09:46.890Z","msg":"recommendation.auth_ok","trace_id":"9fb722bd-0774-4dc3-8536-b4fa4f3780ca","method":"POST","path":"/v1/recommendations","request_id":"9fb722bd-0774-4dc3-8536-b4fa4f3780ca","service":"recommendations","user_id":"11111111-1111-1111-1111-111111111111"}
{"level":"info","ts":"2026-08-03T11:09:46.891Z","msg":"recommendation.composed","trace_id":"9fb722bd-0774-4dc3-8536-b4fa4f3780ca","method":"POST","path":"/v1/recommendations","request_id":"9fb722bd-0774-4dc3-8536-b4fa4f3780ca","service":"recommendations","household_id":"11111111-1111-1111-1111-111111111111","stubbed":false}
{"level":"info","ts":"2026-08-03T11:09:46.891Z","msg":"recommendation.re_call_done","trace_id":"9fb722bd-0774-4dc3-8536-b4fa4f3780ca","method":"POST","path":"/v1/recommendations","request_id":"9fb722bd-0774-4dc3-8536-b4fa4f3780ca","service":"recommendations","outcome":"success","latency_ms":0,"warnings":0}
{"level":"info","ts":"2026-08-03T11:09:46.891Z","msg":"App served 1 recommended plate(s) — the RE responded normally. (0ms)","event":"user_journey","profile":"11111111…","category":"recommendation"}
{"level":"info","ts":"2026-08-03T11:09:46.895Z","msg":"request_finish","trace_id":"9fb722bd-0774-4dc3-8536-b4fa4f3780ca","method":"POST","path":"/v1/recommendations","status":200,"latency_ms":6}
[0m[38;5;245m----- post-test output end -----[0m
household_id equal to the caller's own id is allowed through ... [0m[32mok[0m [0m[38;5;245m(9ms)[0m
omitting household_id defaults to the caller's own id and is allowed through ...
[0m[38;5;245m------- post-test output -------[0m
{"level":"info","ts":"2026-08-03T11:09:46.900Z","msg":"request_start","trace_id":"063158a5-fe87-449e-849a-eb15c72bd33c","method":"POST","path":"/v1/recommendations"}
{"level":"info","ts":"2026-08-03T11:09:46.900Z","msg":"recommendation.auth_ok","trace_id":"063158a5-fe87-449e-849a-eb15c72bd33c","method":"POST","path":"/v1/recommendations","request_id":"063158a5-fe87-449e-849a-eb15c72bd33c","service":"recommendations","user_id":"11111111-1111-1111-1111-111111111111"}
{"level":"info","ts":"2026-08-03T11:09:46.900Z","msg":"recommendation.composed","trace_id":"063158a5-fe87-449e-849a-eb15c72bd33c","method":"POST","path":"/v1/recommendations","request_id":"063158a5-fe87-449e-849a-eb15c72bd33c","service":"recommendations","household_id":"11111111-1111-1111-1111-111111111111","stubbed":false}
{"level":"info","ts":"2026-08-03T11:09:46.900Z","msg":"recommendation.re_call_done","trace_id":"063158a5-fe87-449e-849a-eb15c72bd33c","method":"POST","path":"/v1/recommendations","request_id":"063158a5-fe87-449e-849a-eb15c72bd33c","service":"recommendations","outcome":"success","latency_ms":0,"warnings":0}
{"level":"info","ts":"2026-08-03T11:09:46.902Z","msg":"App served 1 recommended plate(s) — the RE responded normally. (0ms)","event":"user_journey","profile":"11111111…","category":"recommendation"}
{"level":"info","ts":"2026-08-03T11:09:46.902Z","msg":"request_finish","trace_id":"063158a5-fe87-449e-849a-eb15c72bd33c","method":"POST","path":"/v1/recommendations","status":200,"latency_ms":2}
[0m[38;5;245m----- post-test output end -----[0m
omitting household_id defaults to the caller's own id and is allowed through ... [0m[32mok[0m [0m[38;5;245m(4ms)[0m
allergenTokens decodes the frozen 7-bit allergen model ... [0m[32mok[0m [0m[38;5;245m(604µs)[0m
memberRole maps the live conditions[] vocabulary to RE roles, strictest first ... [0m[32mok[0m [0m[38;5;245m(377µs)[0m
toMemberAge uses the real age when present and a role default when NULL ... [0m[32mok[0m [0m[38;5;245m(333µs)[0m
composeHouseholdRaw joins the three live sources into one contract payload ... [0m[32mok[0m [0m[38;5;245m(683µs)[0m
composeHouseholdRaw serves neutral defaults when onboarding is incomplete ... [0m[32mok[0m [0m[38;5;245m(241µs)[0m

[0m[32mok[0m | 65 passed | 0 failed [0m[38;5;245m(2s)[0m

