# STATUS

ARCHIVED

## Reason

Implementation completed.

This document is retained for historical reference only.

It must not be used as the primary implementation guide.

Refer to the active documentation for the current source of truth.

---

[2026-08-04T02:24:36.921931+00:00] === Ghar Quality Suite start ===
[2026-08-04T02:24:36.981361+00:00] inventory: pass (78 components, 18 features)
[2026-08-04T02:24:37.950702+00:00] ruff-lint: pass (clean)
[2026-08-04T02:24:42.997800+00:00] unit-core: pass (84 passed, 0 failed, 0 skipped)
[2026-08-04T02:24:51.171848+00:00] unit-service: pass (68 passed, 0 failed, 0 skipped)
[2026-08-04T02:24:53.760666+00:00] quality-contract: pass (5 passed, 0 failed, 0 skipped)
[2026-08-04T02:26:21.665158+00:00] quality-recsys: fail (451 passed, 21 failed, 26 skipped)
[2026-08-04T02:26:28.969780+00:00] quality-security: pass (12 passed, 0 failed, 0 skipped)
[2026-08-04T02:26:35.728722+00:00] quality-planning: pass (12 passed, 0 failed, 0 skipped)
[2026-08-04T02:26:36.997289+00:00] chaos: warn (chaos probe error: No module named 'ghar_re_service')
[2026-08-04T02:26:57.553898+00:00] performance: pass (recommendations p50=130.61ms p99=423.13ms (threshold 1500.0ms, in-process))
[2026-08-04T02:27:00.547894+00:00] secrets-scan: pass (no hardcoded secret values detected)
[2026-08-04T02:27:00.548698+00:00] database: skip (no live database configured)
[2026-08-04T02:27:00.549997+00:00] edge-functions: blocked (6 Deno edge-function test file(s) present but not runnable)
[2026-08-04T02:27:00.727701+00:00] ui-playwright: skip (GHAR_WEB_URL not set. The frontend is an Expo/React-Native app with no committed web build; provide a running web target (e.g. `expo start --web`) to enable browser tests.)
[2026-08-04T02:27:00.728961+00:00] === Ghar Quality Suite end ===
